--------------------------------------------------------------------------------------
Timing Analyzer Summary
--------------------------------------------------------------------------------------

Type           : Worst-case tsu
Slack          : N/A
Required Time  : None
Actual Time    : 13.078 ns
From           : right_btn
To             : human_col[4]
From Clock     : --
To Clock       : clk
Failed Paths   : 0

Type           : Worst-case tco
Slack          : N/A
Required Time  : None
Actual Time    : 31.418 ns
From           : screen_col[27]$latch
To             : screen_col[27]
From Clock     : clk
To Clock       : --
Failed Paths   : 0

Type           : Worst-case th
Slack          : N/A
Required Time  : None
Actual Time    : -5.360 ns
From           : function_btn
To             : screen_state.0001
From Clock     : --
To Clock       : clk
Failed Paths   : 0

Type           : Clock Setup: 'clk'
Slack          : N/A
Required Time  : None
Actual Time    : 35.52 MHz ( period = 28.152 ns )
From           : screen_row[0]~reg0
To             : screen_col[20]$latch
From Clock     : clk
To Clock       : clk
Failed Paths   : 0

Type           : Clock Hold: 'clk'
Slack          : Not operational: Clock Skew > Data Delay
Required Time  : None
Actual Time    : N/A
From           : screen_row[14]~reg0
To             : screen_col[0]$latch
From Clock     : clk
To Clock       : clk
Failed Paths   : 3452

Type           : Total number of failed paths
Slack          : 
Required Time  : 
Actual Time    : 
From           : 
To             : 
From Clock     : 
To Clock       : 
Failed Paths   : 3452

--------------------------------------------------------------------------------------

